5.25
3 3.75
2.375 0.390625
2.29276 0.00676346
2.29129 2.38419e-06
2.29129 0
2.29129 0
2.29129 0
2.29129 0
2.29129 0
2.29129 0
2.29129 0
2.29129 0
2.29129 0
2.29129 0
2.29129 0
2.29129 0
2.29129 0
2.29129 0
2.29129 0
2.29129 0
2.29129 0
