1
3 8
1.66667 1.77778
1.13333 0.284444
1.00784 0.0157478
1.00003 6.10352e-05
