0
3 9
1.5 2.25
0.75 0.5625
0.375 0.140625
0.1875 0.0351562
0.09375 0.00878906
0.046875 0.00219727
0.0234375 0.000549316
0.0117188 0.000137329
0.00585938 3.43323e-05
0.00292969 8.58307e-06
0.00146484 2.14577e-06
0.000732422 5.36442e-07
